// Jest Snapshot v1, https://goo.gl/fbAQLP

exports[`Common Button Rendering should match to snapshot 1`] = `ShallowWrapper {}`;
